Time 1
[L] Gyun 99
[P] Norandir 66
[E] Finron 27

Time 2
[L] Seies 77
[P] Necoi 62
[E] Chico 25

Time 3
[L] Pinhuobor 70
[P] Galvaindir 55
[E] Shadow 23

Time 4
[L] Kepeumo 67
[P] Ciule 49
[E] Sindri 21

