Time 1
[L] Breno 163
[P] Emanuel 92
[E] Olivia 88

Time 2
[L] AnaLaura 134
[P] Arthur 91
[E] Betina 19

