Time 1
[L] Larissa 198
[P] Alice 148
[E] Emilly 97

Time 2
[L] Allana 194
[P] Vitor 113
[E] Louise 74

Time 3
[L] Rebeca 168
[P] Estevao 110
[E] Liam 64

