Time 1
[L] AnaVitoria 197
[P] Chloe 140
[E] Thomas 90

Time 2
[L] Luan 176
[P] ArthurGabriel 130
[E] Betina 58

Time 3
[L] Kauê 158
[P] JoaoMiguel 119
[E] Miguel 42

Time 4
[L] Dominic 152
[P] Estevao 115
[E] Antônio 40

