Time 1
[L] Alicia 194
[P] Marina 161
[E] Henrique 94

Time 2
[L] Valentina 187
[P] Heitor 140
[E] Matheus 82

Time 3
[L] Clarice 180
[P] MariaVitoria 138
[E] Gael 52

Time 4
[L] Isabelly 168
[P] Eloa 107
[E] Beatriz 39

Time 5
[L] Lara 164
[P] AnaLiz 102
[E] Luna 24

