Jade Ruan Giovana Alira Gael Diya Grace Kalifa Isis Heitor Dina Thaynara Fiorela Penelope Noah Merida Mathias Diana Pietro Louise Amy Martin Lucas Rafael Isabel Dara Giulia Leonardo Isadora Enrico Clover Augusto Rael Lea Flora Margot Abbi Rita Raul Gustavo Alana Francisco Melissa Clara Emanuel
