Uyara Scarlet Lilian Rosa Giordana Belle Pocahontas Stacy Grace Elsa Paola Surya Aurora Cherry Anami Bento Clare Violeta Marta Bella Thiago Ryan Nala Nathan Yan Janine Verena Jasmine Isadora Lis Tayla Kiara Martin Flora Nayana Vitor Nina Jane Megan Lana Samuel Abbi Hanna Alba Eva Maiara Betina Irani Pedro Fany Amora Fiorela Bernardo Marie Rafael Pilar Leia Nicolas Jamila Leah Anthony Margot Emanuel Ananya Diana Ester Avani Alira Belinda Kim Susi Alice Rebeca Martina Augusto Erick Benjamin Thaynara Dara Gabriel Greta Emily Thales Alda Maya Callie Clara Ravi Otto Noemi Valentim Charlotte Chloe Lia Catharina Bryan Ayra Rael Murilo Aba Talita Lucca Ayla Arthur Dina Tamar Anna Alexia Oliver Enzo Kaolin Anahi Amandy Guilherme Melissa Amber Abigail Jade Eduardo
