5
a 2
adventures 1
came 1
disneyland 3
e 1
ex 1
fork 1
going 1
home 1
in 2
left 1
mpl 1
people 1
read 1
road 1
sign 1
so 1
the 2
they 2
to 2
two 1
went 1
were 1
when 1
