Instancia 1
1 2 4 5 3

Instancia 2
2 1 3

Instancia 3
1 2 3

Instancia 4
2 1 3

Instancia 5
4 3 1 2

Instancia 6
5 3 4 9 2 1 8 6 7 10

Instancia 7
26 18 14 16 13 23 4 7 29 21 2 10 28 12 9 5 1 24 15 25 17 30 3 27 6 22 19 11 8 20

Instancia 8
27 3 4 14 11 13 10 24 15 23 5 25 9 8 1 16 28 19 29 20 6 18 26 2 17 22 12 7 21 30
