Marcelo
Carlos
Carlos
Marcelo
Marcelo
Carlos
Carlos
Marcelo
Marcelo
Carlos
Carlos
Marcelo
Marcelo
Carlos
Carlos
Marcelo
Marcelo
Carlos
Carlos
Marcelo
Marcelo
Carlos
Carlos
Marcelo
Marcelo
Carlos
Carlos
Marcelo
Marcelo
Carlos
