Y011 6.48 2.24
Z005 6.32 0.00
J006 6.00 0.00
Q010 5.24 2.83
N004 4.83 2.00
M012 4.58 2.83
H008 4.41 2.24
K001 3.65 3.61
T002 3.61 3.61
M009 3.24 1.41
B000 3.00 1.00
H013 3.00 2.24
H007 2.24 2.24
E014 2.00 2.00
U003 2.00 2.00
