I028 9.93 3.61
B019 9.61 3.61
G007 9.07 3.16
Z013 8.43 1.00
G005 8.23 3.00
U012 8.18 1.00
D018 7.89 1.00
H000 7.77 2.00
D006 6.84 2.24
C021 6.66 3.61
E002 6.61 4.24
A027 6.32 2.00
R024 6.16 2.24
Q017 6.06 3.16
G022 6.02 1.41
L009 6.00 0.00
B008 5.99 3.16
D020 5.83 2.24
J014 5.61 2.24
D003 5.47 3.00
W016 5.40 2.24
M004 5.24 2.00
H025 5.24 3.16
F023 4.65 2.00
X015 4.24 1.00
Z010 4.24 1.00
Z011 4.24 3.00
R026 4.24 3.16
J029 4.00 3.16
M001 2.24 2.24
